**************************************************************************************
***  DIALOGS  *********  COUNT: 00000000  ********************************************
**************************************************************************************
$	10	all_default
$	11	all_citizen
$	12	all_bar
$	13	all_drug_user
$	14	all_kids
$	20	all_alco
$	21	all_alco_w
$	22	all_merchant
$	25	all_narcoman
$	26	all_narcoman_w
$	27	all_turret
$	30	all_prostitute
$	35	all_poor_man
$	36	all_poor_man_w
$	40	all_child
$	41	all_child_w
$	42	all_slave
$	43	all_slaver
$	44	all_trapper
$	45	all_narcodialer
$	50	all_bootlegger
$	55	all_robber
$	56	all_bandit
$	57	all_cannibal
$	60	all_guard
$	61	all_guard_w
$	62	all_homesteader
$	63	all_raider
$	64	all_enclave_patrol
$	65	all_casino_player
$	66	all_casino_player_w
$	67	all_mercenary
$	68	all_elronologist
$	69	all_press_gang
$	70	base_terminal
$	80	all_unity
$	81	all_mafia
$	82	all_traveller
$	83	all_ranger
$	84	all_marauder
$	85	all_bounty_hunter
$	86	all_outcast
$	87	all_holy_people
$	88	all_nomad
$	89	all_hunter
$	90	all_poker
$	95	all_roulette
$	96	all_energy_barier_terminal
$	97	all_energy_barier_guards
$	98	all_manufact_ammo
$	99	eli
$	100	all_merchant_galachad

$	500	de_dog
$	501	de_brahmin
$	502	de_mine_guard
$	503	de_london_guard
$	504	de_london_bar
$	505	de_london_citizen
$	506	de_moscow_guard
$	507	de_moscow_bar
$	508	de_moscow_citizen
$	509	de_berlin_guard
$	510	de_berlin_bar
$	511	de_berlin_citizen
$	512	de_darkwaters_guard
$	513	de_darkwaters_citizen
$	514	de_furytown_guard
$	515	de_furytown_citizen
$	516	de_greenpoint_guard
$	517	de_greenpoint_citizen
$	518	de_industrialcenter_guard
$	519	de_industrialcenter_citizen
$	520	de_scrapers_guard
$	521	de_scrapers_bar
$	522	de_scrapers_citizen
$	523	de_oldfields_guard
$	524	de_oldfields_bar
$	525	de_oldfields_citizen
$	526	de_oldvillage_guard
$	527	de_oldvillage_citizen
$	528	de_townstation_guard
$	529	de_townstation_citizen
$	530	de_powerplant_guard
$	531	de_powerplant_citizen
$	532	de_prostitue
$	533	de_ghoul
$	534	de_child
$	535 de_nr_t-ray
$	536 de_fred
$	537	de_bring_tool_get_hunting
$	538 de_motorbike_dealer
$	539	de_truck_dealer
$	540	de_refuel_cars
$	541	de_deathmine_guard
$	542	de_deathmine_citizen
$	543	de_base_dealer
$	544	de_hunterscamp_guard
$	545	de_hunterscamp_prisons

$	2205	barter_brett
$	1330	redd_wade
$	1068	ncr_hal
$	642	bh_kit
$	1071	ncr_hate
$	1072	crvg_ncr_patroller
$	454	vc_shrim
$	455	vc_patroller
$	1327	redd_savinel
$	4197	crvg_gekkon
$	4198	crvg_common_female
$	4199	crvg_common_male
$	4200	all_q_dappo_deadmen
$	4203	crvg_petresku
$	4204	crvg_mazzy
$	4205	crvg_bomberman
$	4206	crvg_anaferon
$	4207	crvg_vasiliy
$	4208	crvg_killerlolpro
$	4209	crvg_zombie
$	4210	crvg_rat
$	4211	all_mslaver_elize_quest
$	4212	all_fslaver_elize_quest
$	4216	q_hj_woman
$	4217	q_hj_child
$	5000	mob_norm_rat
$	5001	mob_pig_rat
$	5002	mob_mole_rat
$	5003	mob_int_mole_rat
$	5010	mob_small_scorp
$	5011	mob_large_scorp
$	5012	mob_mantis
$	5013	mob_giant_ant
$	5020	mob_silver_gecko
$	5021	mob_golden_gecko
$	5022	mob_fire_gecko
$	5030	mob_baby_deathclaw
$	5031	mob_adult_deathclaw
$	5032	mob_int_deathclaw
$	5033	mob_deathclaw_egg
$	5040	mob_robobrain
$	5041	mob_fly_eyeball
$	5042	mob_sentry_bot
$	5043	mob_mr_handy
$	5044	mob_floor_turret
$	5045	mob_plasma_turret
$	5050	mob_floater
$	5051	mob_centaur
$	5052	mob_wanamingo
$	5053	mob_spore_plant
$	5054	mob_dog
$	5055	mob_brahmin
$	5056	mob_alien
$	5057	mob_tribal
$	5058	mob_bandit
$	5059	mob_mutant
$	5060	mob_egg_wan
$	5061	mob_ill_brahmin
$	10000	enc_klad_trader
$	10001	enc_ocean_trader
$	10002	enc_ocean_america
$	10003	enc_arroyo_patrol
$	10010	enc_dmrv_trader
$	10020	enc_dvmv_trader
$	10030	enc_wild1_trader
$	10040	enc_den_trader
$	10050	enc_vault_trader
$	10060	enc_reno_trader
$	10070	enc_redd_trader
$	10071	enc_hell_patrol_guard
$	10072	enc_hell_patrol_hub
$	10073	enc_hell_fugitive
$	10080	enc_brok_trader
$	10090	enc_geck_trader
$	10100	enc_fran_trader
$	10110	enc_trav_trader
$	10120	enc_ncr_trader
$	10130	enc_v15_trader



$	11003	intro_martin
$	11004	intro_hub_init
$	21000	q_arroyo_rayders
$	21001	gas_town
$	21002	fttest
$	21003	baza_giver
$   21004   janosikowe
$	21005	de_crazy_doctor
$	21006	de_ship_teleport
$	21007	de_player_main_faction

$	21009	de_drug_user
$	21010	de_casino_guard
$	21011	de_berline_soldier
$	21012	de_military_first_step_01
$	21013	de_military_first_step_02
$	21014	de_matt_lighttown
$	21015	de_red_cornell
$	21016	de_blue_cornell
$	21017	de_medic
$	21018	de_william_gecko_perk
$	21019	de_nec_london_gate_soldier
$	21020	de_london_priest	
$	21021	de_player_merc	
$	21022	de_train_teleport_Moscow
$	21023	de_train_teleport_TownStation
$	21024	de_train_teleport_Scrapers
$	21025	de_train_teleport_DarkWaters2
$	21026	de_island
$	21027	de_medical_robot_ref
$	21028	de_medical_robot_nec
$	21029	de_dev_terminal
$	21030	de_london_underground_teleport
$	21031	de_scrapers_elevator
$	21032	de_honorpointsterminal

$	21150	mgl_alan
$	21151	mgl_car_lead
$	21152	mgl_guard_floater
$	21153	mgl_spec_floater
$	21154	mgl_sci_floater
$	21155	mgl_tech
$	21156	mgl_lead
$	21157	mgl_store
$	21158	mgl_mtzgr_attach
$	21160	mgl_ren_attach
$	21161	mgl_sci1
$	21162	mgl_Talan
$	21163	mgl_drug_ctrl
$	21164	mgl_peter
$	21165	mgl_geck_attach
$	21166	mgl_bh_attach
$	21167	mgl_scott
$	21168	mgl_sD
$	21169	mgl_aD
$	21170	mgl_C
$	21171	mgl_F
$	21172	mgl_M
$	21173	mgl_A
$	21174	mgl_frank
$	21175	mgl_DI
$	21176	mgl_alex
$	21177	mgl_comp_dclaw
$	21178	mgl_comp_centr
$	21179	mgl_comp_fltr
$	21180	mgl_comp_mlrat
$	21181	mgl_comp_wan
$	21182	mgl_comp_sec1
$	21183	mgl_comp_lock1
$	21184	mgl_comp_sec2
$	21185	mgl_freez
$	21186	mgl_comp_elev1
$	21187	mgl_comp_elev2
$	21188	mgl_bot
$	21189	mgl_l5ctrl


$	30001	der_guard
$	30002	der_guard_w

$   40000   all_tc
$   40001   all_banker
$   40002   de_dream_terminal
$   40003   all_merc_dealer
$   40004   all_exploding_barrel
$   40005   all_base_terminal
$   40006   light_town_dan
$   40007   all_militia
$   40008   light_town_rusty_tim
$   40009   light_town_bob
$   40010   light_town_citizen
$   40011   all_wizz
$   40012   de_teleporter
$   40013   de_event_leave_ref
$   40014   de_event_leave_nec
$   40015   working_in_mine
$   40016   de_drug_dealer
$   40017   de_whore
$   40018   de_villager
$   40019   de_junkie_female
$   40020   de_junkie_male
$   40021   de_homeless
$   40022   de_villager2
$   40023   de_hunters_jailer
$   40024   de_hunters_quartermaster
$   40025   de_hunters_CaptAmbler
$   40026   de_hunters_SgtHartman
$   40027   de_hunters_WildBill_canibal
$   40028   de_hunters_prison
$   40029   de_hunters_prison2
$   40030   de_canibal_camp_1
$   40031   de_oldfields_foreman_fiber
$   40032   de_oldfields_foreman_tobacco
$   40033   de_oldfields_Gordon
$   40034   de_scraperscity_angela
$   40035   de_industrial_bob
$   40036   de_hunters_prison3
$   40037   de_hunters_jailer_whenteleport
$   40038   de_hunters_CaptAmbler_whenteleport
$   40039   de_scraperscity_library
$   40040   de_industrial_shooting_range1
$   40041   de_guns_storeman

$	40200	fode_caravan_manager
$	40201	fode_caravan_leader_enco
$	40202	fode_caravan_leader2
$	40203	fode_caravan_leader
$	40204	fode_caravan_guard_town
$	40205	fode_caravan_guard_enco
$	40207	fode_vlesam
$	40208	fode_vasilij_vasilov
$	40209	fode_the_little_tom_mother
$	40210	fode_the_little_tom_matt
$	40211	fode_the_little_tom_guard
$	40212	fode_the_irish_man_man
$	40213	fode_the_irish_man_woman
$	40214	fode_william_truba
$	40215   fode_uran_trader_TEMP
************************************************************
