1      PID_LEATHER_ARMOR
2      PID_METAL_ARMOR
3      PID_POWERED_ARMOR
4      PID_KNIFE
5      PID_CLUB
6      PID_SLEDGEHAMMER
7      PID_SPEAR
8      PID_10MM_PISTOL
9      PID_10MM_SMG
10     PID_HUNTING_RIFLE
11     PID_FLAMER
12     PID_MINIGUN
13     PID_ROCKET_LAUNCHER
14     PID_EXPLOSIVE_ROCKET
15     PID_PLASMA_RIFLE
16     PID_LASER_PISTOL
17     PID_COMBAT_ARMOR
18     PID_DESERT_EAGLE
19     PID_ROCK
20     PID_CROWBAR
21     PID_BRASS_KNUCKLES
22     PID_14MM_PISTOL
23     PID_ASSAULT_RIFLE
24     PID_PLASMA_PISTOL
25     PID_FRAG_GRENADE
26     PID_PLASMA_GRENADE
27     PID_PULSE_GRENADE
28     PID_GATLING_LASER
29     PID_10MM_JHP
30     PID_10MM_AP
31     PID_44_MAGNUM_JHP
32     PID_FLAMETHROWER_FUEL
33     PID_14MM_AP
34     PID_223_FMJ
35     PID_5MM_JHP
36     PID_5MM_AP
37     PID_ROCKET_AP
38     PID_SMALL_ENERGY_CELL
39     PID_MICRO_FUSION_CELL
40     PID_STIMPAK
41     PID_BOTTLE_CAPS
42     PID_FRIDGE
43     PID_ICE_CHEST_LEFT
44     PID_ICE_CHEST_RIGHT
45     PID_THROWING_KNIFE
46     PID_BAG
47     PID_FIRST_AID_KIT
48     PID_RADAWAY
49     PID_ANTIDOTE
50     PID_STEEL
51     PID_DYNAMITE
52     PID_GEIGER_COUNTER
53     PID_MENTATS
54     PID_STEALTH_BOY
55     PID_WATER_CHIP
56     PID_DOG_TAGS
57     PID_ELECTRONIC_BUG
58     PID_HOLODISK
59     PID_MOTION_SENSOR
60     PID_BOOKCASE_0
61     PID_BOOKCASE_1
62     PID_BOOKCASE_2
63     PID_BOOKCASE_3
64     PID_BOOKCASE_4
65     PID_BOOKCASE_5
66     PID_DESK_0
67     PID_DESK_1
68     PID_DRESSER_0
69     PID_DRESSER_1
70     PID_DRESSER_2
71     PID_MUTATED_FRUIT
72     PID_BRIEFCASE
73     PID_BIG_BOOK_OF_SCIENCE
74     PID_LEATHER_JACKET
75     PID_MULTI_TOOL
76     PID_DEANS_ELECTRONICS
77     PID_ELECTRONIC_LOCKPICKS
78     PID_FUZZY_PAINTING
79     PID_FLARE
80     PID_FIRST_AID_BOOK
81     PID_IGUANA_ON_A_STICK
82     PID_KEY
83     PID_KEYS
84     PID_LOCKPICKS
85     PID_PLASTIC_EXPLOSIVES
86     PID_SCOUT_HANDBOOK
87     PID_BUFFOUT
88     PID_WATCH
89     PID_MOTOR
90     PID_BACKPACK
91     PID_DOCTORS_BAG
92     PID_SCORPION_TAIL
93     PID_BROWN_BAG
94     PID_SHOTGUN
95     PID_SHOTGUN_SHELLS
96     PID_RED_PASS_KEY
97     PID_BLUE_PASS_KEY
98     PID_PUMP_PARTS
99     PID_GOLD_LOCKET
100    PID_RADIO
101    PID_LIGHTER
102    PID_GUNS_AND_BULLETS
103    PID_MEAT_ON_A_STICK
104    PID_TAPE_RECORDER
105    PID_NUKE_KEY
106    PID_NUKA_COLA
107    PID_ALIEN_SIDE
108    PID_ALIEN_FORWARD
109    PID_RAD_X
110    PID_PSYCHO
111    PID_44_FMJ_MAGNUM
112    PID_URN
113    PID_PURPLE_ROBE
114    PID_TANGLERS_HAND
115    PID_SUPER_SLEDGE
116    PID_RIPPER
117    PID_FLOWER
118    PID_LASER_RIFLE
119    PID_NECKLACE
120    PID_ALIEN_LASER_PISTOL
121    PID_9MM_BALL
122    PID_9MM_MAUSER
123    PID_PSYCHIC_NULLIFIER
124    PID_BEER
125    PID_BOOZE
126    PID_WATER_FLASK
127    PID_ROPE
128    PID_FOOTLOCKER_CLEAN_LEFT
129    PID_FOOTLOCKER_RUSTY_LEFT
130    PID_FOOTLOCKER_CLEAN_RIGHT
131    PID_FOOTLOCKER_RUSTY_RIGHT
132    PID_LOCKER_CLEAN_LEFT
133    PID_LOCKER_RUSTY_LEFT
134    PID_LOCKER_CLEAN_RIGHT
135    PID_LOCKER_RUSTY_RIGHT
136    PID_WALL_LOCKER_CLEAN_LEFT
137    PID_WALL_LOCKER_CLEAN_RIGHT
138    PID_WALL_LOCKER_RUSTY_LEFT
139    PID_WALL_LOCKER_RUSTY_RIGHT
140    PID_ACCESS_CARD
141    PID_BLACK_COC_BADGE
142    PID_RED_COC_BADGE
143    PID_SNIPER_RIFLE
144    PID_SUPER_STIMPAK
145    PID_BOOKSELF_0
146    PID_BOOKSELF_1
147    PID_BOOKSELF_2
148    PID_MISC_BOOKCASE_0
149    PID_BOOKSELF_3
150    PID_MISC_BOOKCASE_1
151    PID_SHELVES_0
152    PID_SHELVES_1
153    PID_SHELVES_2
154    PID_MISC_SHELVES_0
155    PID_SHELVES_3
156    PID_MISC_SHELVES_1
157    PID_WORKBENCH
158    PID_TOOL_BOARD
159    PID_MOLOTOV_COCKTAIL
160    PID_CATTLE_PROD
161    PID_RED_RYDER_BB_GUN
162    PID_RED_RYDER_LE_BB_GUN
163    PID_BBS
165    PID_IGUANA_STAND
166    PID_TABLE_0
167    PID_TABLE_1
168    PID_STUFF_0
169    PID_STUFF_1
170    PID_STUFF_2
171    PID_STUFF_3
172    PID_STUFF_4
173    PID_STUFF_5
174    PID_STUFF_6
175    PID_STUFF_7
176    PID_STUFF_8
177    PID_STUFF_9
178    PID_STUFF_10
179    PID_STUFF_11
180    PID_CONTAINER_WOOD_CRATE
181    PID_DESK_3
182    PID_DESK_4
183    PID_DESK_5
184    PID_DESK_6
185    PID_DESK_7
186    PID_DESK_8
187    PID_DESK_9
188    PID_LOCKER_7
189    PID_LOCKER_8
190    PID_DISK_FEV
191    PID_DISK_SECURITY
192    PID_DISK_ALPHA_EXPERIMENT
193    PID_DISK_DELTA_EXPERIMENT
194    PID_DISK_VREES_EXPERIMENT
195    PID_DISK_BROTHERHOOD_HONOR_CODE
196    PID_DISK_MUTANT_TRANSMISSIONS
197    PID_BOX_0
198    PID_BOX_1
199    PID_BOX_2
200    PID_BOX_3
201    PID_BOX_4
202    PID_BOX_5
203    PID_BOX_6
204    PID_BOX_7
205    PID_ACTIVE_FLARE
206    PID_ACTIVE_DYNAMITE
207    PID_ACTIVE_GEIGER_COUNTER
208    PID_ACTIVE_MOTION_SENSOR
209    PID_ACTIVE_PLASTIC_EXPLOSIVE
210    PID_ACTIVE_STEALTH_BOY
211    PID_VAULT_DWELLER_BONES
212    PID_BARTER_TANDI
213    PID_REMAINSOF_GIZMO
214    PID_DESK_10
215    PID_DISK_BROTHERHOOD_HISTORY
216    PID_DISK_MAXSON_HISTORY
217    PID_DISK_MAXSON_JOURNAL
218    PID_BARTER_LIGHT_HEALING
219    PID_BARTER_MEDIUM_HEALING
220    PID_BARTER_HEAVY_HEALING
221    PID_SECURITY_CARD
222    PID_TOGGLE_SWITCH
223    PID_YELLOW_PASS_KEY
224    PID_SMALL_STATUETTE
225    PID_CATS_PAW
226    PID_BOX_OF_NOODLES
227    PID_FROZEN_DINNER
228    PID_TECHNICAL_MANUAL
229    PID_MOTIVATOR
230    PID_DISK_VAULT_RECORDS
231    PID_DISK_MILITARY_BASE_SEC_CODE
232    PID_HARDENED_POWER_ARMOR
233    PID_TURBO_PLASMA_RIFLE
234    PID_SPIKED_KNUCKLES
235    PID_POWER_FIST
236    PID_COMBAT_KNIFE
237    PID_CHEMISTRY_MANUAL
238    PID_DISK_REGULATOR_TRANSMISSIONS
239    PID_BROTHERHOOD_COMBAT_ARMOR
240    PID_TESLA_ARMOR
241    PID_223_PISTOL
242    PID_COMBAT_SHOTGUN
243    PID_SMALL_POT
244    PID_TALL_POT
245    PID_CHEST
246    PID_LEFT_ARROYO_BOOKCASE
247    PID_RIGHT_ARROYO_BOOKCASE
248    PID_OLIVE_POT
249    PID_FLOWER_POT
250    PID_HUMAN_BONES
251    PID_BONES
252    PID_ANNA_GOLD_LOCKET
253    PID_CAR_FUEL_CELL_CONTROLLER
254    PID_CAR_FUEL_INJECTION
255    PID_DAY_PASS
256    PID_FAKE_CITIZENSHIP
257    PID_CORNELIUS_GOLD_WATCH
258    PID_HY_MAG_PART
259    PID_JET
260    PID_JET_ANTIDOTE
261    PID_JONNY_BB_GUN
262    PID_RUBBER_BOOTS
263    PID_SLAG_MESSAGE
264    PID_SMITH_COOL_ITEM
265    PID_CURED_LEATHER_ARMOR
266    PID_VIC_RADIO
267    PID_VIC_WATER_FLASK
268    PID_HK_CAWS
269    PID_ROBOT_PARTS
270    PID_ROBO_ROCKET_LAUNCHER
271    PID_BROC_FLOWER
272    PID_XANDER_ROOT
273    PID_HEALING_POWDER
274    PID_ROBO_ROCKET_AMMO
275    PID_TROPHY_OF_RECOGNITION
276    PID_GECKO_PELT
277    PID_GOLDEN_GECKO_PELT
278    PID_FLINT
279    PID_NEURAL_INTERFACE
280    PID_SHARP_SPEAR
281    PID_DIXON_EYE
282    PID_CLIFTON_EYE
283    PID_TOMMY_GUN
284    PID_MEAT_JERKY
285    PID_RADSCORPION_PARTS
286    PID_FIREWOOD
287    PID_SCOPED_HUNTING_RIFLE
288    PID_CAR_FUEL_CELL
289    PID_SHOVEL
290    PID_EYEBALL_FIST_1
291    PID_EYEBALL_FIST_2
292    PID_BOXING_GLOVES
293    PID_PLATED_BOXING_GLOVES
294    PID_HOLODISK_FAKE_V13
295    PID_CHEEZY_POOFS
296    PID_HK_P90C
297    PID_PLANK
298    PID_TRAPPER_TOWN_KEY
299    PID_SPRINGER_RIFLE
300    PID_ZIP_GUN
301    PID_CLIPBOARD
302    PID_GECKO_DATA_DISK
303    PID_REACTOR_DATA_DISK
304    PID_DECK_OF_TRAGIC_CARDS
305    PID_YELLOW_REACTOR_KEYCARD
306    PID_RED_REACTOR_KEYCARD
307    PID_PLASMA_TRANSFORMER
308    PID_SUPER_TOOL_KIT
309    PID_TALISMAN
310    PID_GAMMA_GULP_BEER
311    PID_ROENTGEN_RUM
312    PID_PART_REQUISITION_FORM
313    PID_44_MAGNUM_REVOLVER
314    PID_BLUE_CONDOM
315    PID_GREEN_CONDOM
316    PID_RED_CONDOM
317    PID_COSMETIC_CASE
318    PID_HYPODERMIC_NEEDLE
319    PID_SWITCHBLADE
320    PID_SHARPENED_POLE
321    PID_CYBERNETIC_BRAIN
322    PID_HUMAN_BRAIN
323    PID_CHIMP_BRAIN
324    PID_ABNORMAL_BRAIN
325    PID_DICE
326    PID_LOADED_DICE
327    PID_EASTER_EGG
328    PID_MAGIC_8_BALL
329    PID_MUTAGENIC_SYRUM
330    PID_CRASHED_VERTI_BIRD
331    PID_CATS_PAW_ISSUE_5
332    PID_GREASE_GUN
333    PID_HEART_PILLS
334    PID_HYPO_POISON
335    PID_MOORE_BAD_BRIEFCASE
336    PID_MOORE_GOOD_BRIEFCASE
337    PID_LYNETTE_HOLO
338    PID_WESTIN_HOLO
339    PID_SPY_HOLO
340    PID_DR_HENRY_PAPERS
341    PID_PRESIDENTIAL_PASS
342    PID_RANGER_PIN
343    PID_RANGER_MAP
344    PID_GRAVESITE_1
345    PID_GRAVESITE_2
346    PID_GRAVESITE_3
347    PID_GRAVESITE_4
348    PID_ADVANCED_POWER_ARMOR
349    PID_ADVANCED_POWER_ARMOR_MK2
350    PID_BOZAR
351    PID_FN_FAL
352    PID_HK_G11
353    PID_INDEPENDENT
354    PID_PANCOR_JACKHAMMER
355    PID_LIGHT_SUPPORT_WEAPON
356    PID_COMPUTER_VOICE_MODULE
357    PID_45_CALIBER_AMMO
358    PID_2MM_EC_AMMO
359    PID_4_7MM_CASELESS
360    PID_9MM_AMMO
361    PID_HN_NEEDLER_CARTRIDGE
362    PID_HN_AP_NEEDLER_CARTRIDGE
363    PID_7_62MM_AMMO
364    PID_ROBOT_MOTIVATOR
365    PID_PLANT_SPIKE
366    PID_GECK
367    PID_LG_LT_AMMO_CRATE
368    PID_SM_LT_AMMO_CRATE
369    PID_LG_RT_AMMO_CRATE
370    PID_SM_RT_AMMO_CRATE
371    PID_DEATHCLAW_CLAW_1
372    PID_DEATHCLAW_CLAW_2
373    PID_V15_KEYCARD
374    PID_LF_GRAVESITE_1
375    PID_LF_GRAVESITE_2
376    PID_LF_GRAVESITE_3
377    PID_V15_COMPUTER_PART
378    PID_COOKIE
379    PID_LEATHER_ARMOR_MK_II
380    PID_METAL_ARMOR_MK_II
381    PID_COMBAT_ARMOR_MK_II
382    PID_FLAMETHROWER_FUEL_MK_II
383    PID_SHIV
384    PID_WRENCH
385    PID_SAWED_OFF_SHOTGUN
386    PID_LOUISVILLE_SLUGGER
387    PID_M60
388    PID_NEEDLER_PISTOL
389    PID_AVENGER_MINIGUN
390    PID_SOLAR_SCORCHER
391    PID_HK_G11E
392    PID_M72_GAUSS_RIFLE
393    PID_PHAZER
394    PID_PK12_GAUSS_PISTOL
395    PID_VINDICATOR_MINIGUN
396    PID_YK32_PULSE_PISTOL
397    PID_YK42B_PULSE_RIFLE
398    PID_44_MAGNUM_SPEEDLOADER
399    PID_SUPER_CATTLE_PROD
400    PID_IMPROVED_FLAMETHROWER
401    PID_LASER_RIFLE_EXT_CAP
402    PID_MAGNETO_LASER_PISTOL
403    PID_FN_FAL_NIGHT_SCOPE
404    PID_DESERT_EAGLE_EXT_MAG
405    PID_ASSAULT_RIFLE_EXT_MAG
406    PID_PLASMA_PISTOL_EXT_CART
407    PID_MEGA_POWER_FIST
408    PID_FIELD_MEDIC_KIT
409    PID_PARAMEDICS_BAG
410    PID_EXP_LOCKPICK_SET
411    PID_ELEC_LOCKPICK_MKII
412    PID_OIL_CAN
413    PID_STABLES_ID_BADGE
414    PID_PID_KEYG
415    PID_SPECTACLES
416    PID_EMPTY_JET
417    PID_OXYGEN_TANK
418    PID_POISON_TANK
419    PID_MINE_PART
420    PID_MORNING_STAR_MINE
421    PID_HOLY_HAND_GRENADE
422    PID_EXCAVATOR_CHIP
423    PID_GOLD_NUGGET
424    PID_MONUMENT_CHUNCK
425    PID_STONE_HEAD
426    PID_URANIUM_ORE
427    PID_FIRE_GECKO_FLAME_WEAPON
428    PID_MEDICAL_SUPPLIES
429    PID_GOLD_TOOTH
430    PID_HOWITZER_SHELL
431    PID_RAMIREZ_BOX_CLOSED
432    PID_RAMIREZ_BOX_OPEN
433    PID_MIRROR_SHADES
434    PID_WAGON_RED
435    PID_WAGON_GREY
436    PID_DECK_OF_CARDS
437    PID_MARKED_DECK_OF_CARDS
438    PID_TEMPLE_KEY
439    PID_POCKET_LINT
440    PID_BIO_GEL
441    PID_BLONDIE_DOG_TAG
442    PID_ANGEL_EYES_DOG_TAG
443    PID_TUCO_DOG_TAG
444    PID_RAIDERS_MAP
445    PID_SHERIFF_BADGE
446    PID_VERTIBIRD_PLANS
447    PID_BISHOPS_HOLODISK
448    PID_ACCOUNT_BOOK
4099    PID_BRAHMIN_SKIN
450    PID_TORN_PAPER_1
451    PID_TORN_PAPER_2
452    PID_TORN_PAPER_3
453    PID_PASSWORD_PAPER
454    PID_EXPLOSIVE_SWITCH
455    PID_CAR_TRUNK
456    PID_JAIL_KEY
457    PID_ELRON_FIELD_REP
458    PID_ENCLAVE_HOLODISK_5
459    PID_ENCLAVE_HOLODISK_1
460    PID_ENCLAVE_HOLODISK_2
461    PID_ENCLAVE_HOLODISK_3
462    PID_ENCLAVE_HOLODISK_4
463    PID_EVACUATION_HOLODISK
464    PID_EXPERIMENT_HOLODISK
465    PID_MEDICAL_HOLODISK
466    PID_PASSWORD_HOLODISK
467    PID_HIDDEN_CONTAINER
468    PID_SMITTY_MEAL
469    PID_ROT_GUT
470    PID_BALL_GAG
471    PID_BECKY_BOOK
472    PID_ELRON_MEMBER_HOLO
473    PID_MUTATED_TOE
474    PID_DAISIES
475    PID_METAL_TRASH
476    PID_ENLIGHTENED_ONE_LETTER
477    PID_BROADCAST_HOLODISK
478    PID_SIERRA_MISSION_HOLODISK
479    PID_NAVCOM_PARTS
480    PID_KITTY_SEX_DRUG_AGILITY
481    PID_KITTY_SEX_DRUG_INTELLIGENCE
482    PID_KITTY_SEX_DRUG_STRENGTH
483    PID_FALLOUT_2_HINTBOOK
484    PID_PLAYERS_EAR
485    PID_MASTICATORS_EAR
486    PID_REFINED_ORE
487    PID_MEMO
488    PID_K9_MOTIVATOR
489    PID_SPECIAL_BOXER_WEAPON
490    PID_NCR_HISTORY_HOLODISK
491    PID_MR_NIXON_DOLL
492    PID_TANKER_FOB
493    PID_ELRON_TEACH_HOLO
494    PID_KOKOWEEF_MINE_SCRIP
495    PID_PRES_ACCESS_KEY
496    PID_RING_BOXING_GLOVES
497    PID_RING_PLATED_BOXING_GLOVES
498    PID_GUN_TURRET_WEAPON
499    PID_DERMAL_PIP_BOY_DISK
500    PID_FN_FAL_HPFA
501    PID_WALL_SAFE
502    PID_FLOOR_SAFE
503    PID_MEM_CHIP_BLUE
504    PID_MEM_CHIP_GREEN
505    PID_MEM_CHIP_RED
506    PID_MEM_CHIP_YELLOW
507    PID_DECOMPOSING_BODY
508    PID_BLOW_UP_DOLL
509    PID_POPPED_BLOW_UP_DOLL
510    PID_POOL_TABLE_1
511    PID_POOL_TABLE_2
512    PID_POOL_TABLE_3
513    PID_POOL_TABLE_4
514    PID_POOL_TABLE_5
515    PID_POOL_TABLE_6
516    PID_PIP_BOY_MEDICAL_ENHANCER
517    PID_LIL_JESUS_WEAPON
518    PID_DUAL_MINIGUN
519    PID_REAL_BOTTLE_CAPS
520    PID_HEAVY_DUAL_MINIGUN
521    PID_POOR_BOX
522    PID_WAKIZASHI_BLADE
523    PID_MAP
524    PID_KEEPBRIGE_ROBE
525    PID_HYPO
526    PID_DEAD_REDSHIRT_0
527    PID_DEAD_REDSHIRT_1
528    PID_DEAD_REDSHIRT_2
529    PID_MINING_MACHINE
530    PID_END_BOSS_KIFE
531    PID_END_BOSS_PLASMA_GUN
532    PID_BOTTLE_EMPTY
533    PID_BOTTLE_FULL
534    PID_PART_OF_ROPE
535    PID_GUNPOWDER
536    PID_METAL_ORE
537    PID_MINERAL
538    PID_TUBE
539    PID_MEAT
540    PID_MOUSE_SKIN
541    PID_CIGARETTES
542    PID_BOTTLE_GLASS
543    PID_AXE
544    PID_MINE
545    PID_ACTIVE_MINE
547    PID_BLACK_COMBAT_ARMOR
548    PID_POSTMAN_LETTER
549    PID_CHOSEN_HOLO
550    PID_CHOSEN_HOLO_DECODED
551    PID_LETTER_TO_LIN
552    PID_LETTER_TO_TODD
553    PID_EDWARD_REPORT
554    PID_LETTER_TO_SINDY
555    PID_LETTER_TO_CASSIDY
556    PID_FIRE_GECKO_PELT
557    PID_DANTON_POISON
558    PID_JUMPSUIT
559    PID_FAKE_JUMPSUIT
560    PID_ARROYO_SYRINGE
561    PID_DEATH_STAR_PLANS
562    PID_FALLOUT_3_HOLO
563    PID_FAKE_GECK
564    PID_USED_GECK
565    PID_WELDING
566    PID_WELDING_USED
567    PID_KEY_ELEV_1
568    PID_KEY_ELEV_2
569    PID_KEY_ELEV_3
570    PID_KEY_ELEV_4
571    PID_HUBOLOGIST_BOOK
572    PID_RAGS
573    PID_NITROGLYCERIN
574    PID_CHEMICALS
575    PID_TNT
576    PID_HEXOGEN
577    PID_PLASTIC_EXPLOSIVES_DULL
578    PID_MAUSER_SMG
579    PID_REBEL_TAG
580    PID_SANDBAG_1 
581    PID_SANDBAG_2
582    PID_SANDBAG_3
583    PID_SANDBAG_4
584    PID_SANDBAG_5
585    PID_BLACK_ROBE
586    PID_CHITIN_ARMOR
587    PID_SANDBAG_EMPTY
591    PID_700_NITRO_EXPRESS
592    PID_ELEPHANT_GUN
593    PID_VACCINE
594    PID_BOX_OF_DOUGHNUTS
595    PID_ELI_KNIFE
596    PID_CHITIN_ARMOR_MK_II
597    PID_CHITIN_ARMOR_RECIPE
600    PID_FAKE_LETTER
601    PID_POT
602    PID_DOG_GRENADE
603    PID_MULTI_BARREL_GUN
604    PID_METAL_STORM
601    PID_POT
610    PID_SIGNAL_PISTOL
611    PID_SIGNAL_ROCKET
853    PID_ENERGY_BARIER_ACCESS_CARD
970	   PID_PADLOCK1
971	   PID_PADLOCK3
980	   PID_PADLOCK2
1033	PID_GREENBALL
1034	PID_REDBALL
1035	PID_VIOLETBALL
2001 PID_FIREBARREL_ACTIVE
4833	PID_LEATHER_JACKET_DE
4834	PID_LEATHER_ARMOR_DE
4835	PID_LEATHER_ARMOR_MK_II_DE
4836	PID_CURED_LEATHER_ARMOR_DE
4837	PID_METAL_ARMOR_DE
4838	PID_METAL_ARMOR_MK_II_DE
4839	PID_TESLA_ARMOR_DE
4840	PID_PURPLE_ROBE_DE
4841	PID_KEEPBRIGE_ROBE_DE
4842	PID_NAVY_ROBE_DE
4810	PID_JUMPSUIT_DE
4811	PID_FAKE_JUMPSUIT_DE
4812	PID_JUMPSUIT_B_DE
4813	PID_ROBE_2_DE
4814	PID_ROBE_3_DE
4815	PID_JUMPSUIT_R1_DE
4816	PID_ROBE_D_DE
4817	PID_ENVIRONMENTAL_DE
4818	PID_LEATHER_GECKO_DE
4819	PID_JUMPSUIT_BR_DE
4820	PID_JUMPSUIT_G_DE
4821	PID_JUMPSUIT_R2_DE
4822	PID_JUMPSUIT_B_DE
4823	PID_JUMPSUIT_R2_DE
4824	PID_JUMPSUIT_D_DE
4825	PID_COAT_DE
4826	PID_FT_FRANK_DE
4827	PID_FT_ENCLAV_DE
4828	PID_FT_COMBAT_DE
4829	PID_FT_PA_DE
4830	PID_SCOUTARMOR
4831	PID_BUGGYARMOR
4832	PID_HUMMERARMOR
7035	PID_GASMASK
7036	PID_HELMET1
7105	PID_METALMASK
7106	PID_CAP1
7109	PID_CAP2
7110	PID_CAP3
7111	PID_KEY4
7112	PID_KEY5
7113	PID_KEY6
7937	PID_WOREK_Z_PIASKIEM
9000   PID_POW_DIS_CIRCUIT
9001   PID_MAIN_COMP_HOLO
9002   PID_NUCLEAR_STOR_DATA
9003   PID_BIOLOG_STOR_DATA
9010   PID_mgl_chem_stuff
9011   PID_GECKO_GHOUL_BLOOD_SAMPLE
9012   PID_BROKEN_HILLS_GHOUL_BLOOD_SAMPLE
10007	PID_ZIP_GUN_DE
10005	PID_9MM_MAUSER_DE
10008	PID_44_MAGNUM_REVOLVER_DE
10009	PID_44_MAGNUM_SPEEDLOADER_DE
10016	PID_SPRINGER_RIFLE_DE
10013	PID_RED_RYDER_BB_GUN_DE
10014	PID_RED_RYDER_LE_BB_GUN_DE
10015	PID_JONNY_BB_GUN_DE
10012	PID_SHOTGUN_DE
10115	PID_COLT1911_DE
10117	PID_M32_DE
10118	PID_M32S_DE
10119	PID_REM870_DE
10116	PID_M16_DE
10163	PID_M16_SPECIAL_DE
10018	PID_COLT1_DE
10019	PID_COLT1K1_DE
10020	PID_COLT1K2_DE
10021	PID_COLT2_DE
10022	PID_COLT2K1_DE
10023	PID_COLT2K2_DE
10024	PID_COLT3_DE
10025	PID_COLT3K1_DE
10026	PID_COLT3K2_DE
10027	PID_AIRPISTOL_DE
10415	PID_FLARE_DE
10416	PID_ACTIVE_FLARE_DE
10410	PID_PLANT_SPIKE_DE
10446	PID_THROWING_KNIFE_DE
10411	PID_ROCK_DE
10412	PID_GOLD_NUGGET_DE
10413	PID_URANIUM_ORE_DE
10414	PID_REFINED_ORE_DE
10409	PID_MOLOTOV_COCKTAIL_DE
10400	PID_KNIFE_DE
10435	PID_COMBAT_KNIFE_DE
10438	PID_LIL_JESUS_WEAPON_DE
10405	PID_SHIV_DE
10403	PID_SWITCHBLADE_DE
10436	PID_WAKIZASHI_BLADE_DE
10447	PID_ELI_KNIFE_DE
10440	PID_SPEAR_DE
10437	PID_SHARP_SPEAR_DE
10404	PID_SHARPENED_POLE_DE
10401	PID_CLUB_DE
10402	PID_CROWBAR_DE
10441	PID_WRENCH_DE
10439	PID_SLEDGEHAMMER_DE
10442	PID_LOUISVILLE_SLUGGER_DE
10471	PID_SUPER_SLEDGE_DE
10478	PID_HOLY_HAND_GRENADE_DE
10470	PID_KNIFED_DE
10407	PID_BOXING_GLOVES_DE
10408	PID_PLATED_BOXING_GLOVES_DE
10406	PID_BRASS_KNUCKLES_DE
10443	PID_SPIKED_KNUCKLES_DE
10001	PID_10MM_PISTOL_DE
10100	PID_14MM_PISTOL_DE
10003	PID_DESERT_EAGLE_DE
10004	PID_DESERT_EAGLE_EXT_MAG_DE
10010	PID_HUNTING_RIFLE_DE
10011	PID_SCOPED_HUNTING_RIFLE_DE
10157	PID_ELEPHANT_GUN_DE
10002	PID_10MM_SMG_DE
10017	PID_SAWED_OFF_SHOTGUN_DE
10109	PID_COMBAT_SHOTGUN_DE
10110	PID_HK_CAWS_DE
10006	PID_MAUSER_SMG_DE
10200	PID_FLAMER_DE
10300	PID_LASER_PISTOL_DE
10302	PID_MAGNETO_LASER_PISTOL_DE
10337	PID_PLASMA_PISTOL_DE
10338	PID_PLASMA_PISTOL_EXT_CART_DE
10445	PID_FRAG_GRENADE_DE
10473	PID_CATTLE_PROD_DE
10474	PID_SUPER_CATTLE_PROD_DE
10472	PID_RIPPER_DE
10417	PID_PARALIZ_DE		
10444	PID_POWER_FIST_DE
10151	PID_223_PISTOL_DE
10104	PID_ASSAULT_RIFLE_DE
10105	PID_ASSAULT_RIFLE_EXT_MAG_DE
10111	PID_INDEPENDENT_DE
10101	PID_TOMMY_GUN_DE
10152	PID_HK_G11_DE
10102	PID_GREASE_GUN_DE
10114	PID_MP5_DE
10201	PID_IMPROVED_FLAMETHROWER_DE
10270	PID_ROCKET_LAUNCHER_DE
10202	PID_MINIGUN_DE
10235	PID_M60_DE
10274	PID_M240_DE
10275	PID_UKM_DE
10276	PID_PKS_DE
10379	PID_RADRIFLE_DE
10380	PID_DAMRIFLE_DE
10301	PID_SOLAR_SCORCHER_DE
10335	PID_LASER_RIFLE_DE
10336	PID_LASER_RIFLE_EXT_CAP_DE
10370	PID_PLASMA_RIFLE_DE
10339	PID_RADPISTOL_DE
10340	PID_DAMPISTOL_DE
10476	PID_PLASMA_GRENADE_DE
10477	PID_PULSE_GRENADE_DE
10475	PID_MEGA_POWER_FIST_DE
10103	PID_NEEDLER_PISTOL_DE
10154	PID_PK12_GAUSS_PISTOL_DE
10156	PID_SNIPER_RIFLE_DE
10106	PID_FN_FAL_DE
10107	PID_FN_FAL_NIGHT_SCOPE_DE
10108	PID_FN_FAL_HPFA_DE
10158	PID_M72_GAUSS_RIFLE_DE
10112	PID_AK47_NORMAL1_DE
10113	PID_AK47_TACTICAL1_DE
10120	PID_AK47_NORMAL2_DE
10121	PID_AK47_TACTICAL2_DE
10122	PID_ASSAULT_RIFLE_SCOPE_DE
10123	PID_ASSAULT_RIFLE_EXT_MAG_SCOPE_DE
10124	PID_M16S_DE
10161	PID_AK47_SPECIAL_DE
10162	PID_AK47_TACTICAL3_DE
10159	PID_DRAGUNOV1_DE
10160	PID_DRAGUNOV2_DE
10155	PID_PANCOR_JACKHAMMER_DE
10150	PID_HK_P90C_DE
10153	PID_HK_G11E_DE
10236	PID_AVENGER_MINIGUN_DE
10273	PID_VINDICATOR_MINIGUN_DE
10272	PID_BOZAR_DE
10271	PID_LIGHT_SUPPORT_WEAPON_DE
10237	PID_FLAMERN_DE
10371	PID_TURBO_PLASMA_RIFLE_DE
10373	PID_YK32_PULSE_PISTOL_DE
10374	PID_YK42B_PULSE_RIFLE_DE
10377	PID_ROCKETRAD_DE
10378	PID_ROCKETELE_DE
10372	PID_GATLING_LASER_DE
10375	PID_ALIEN_LASER_PISTOL_DE
10376	PID_PHAZER_DE
10448   PID_SMOKE_GRENADE
10449   PID_MUSTARD_GAS_GRENADE
10513	PID_CANNONM
10514	PID_CANNONF
10515	PID_CANNONL
10516  PID_SCRATCHERS_TEETH
700	PID_10MM_JHP_DE
701	PID_10MM_AP_DE
702	PID_44_MAGNUM_JHP_DE
703	PID_44_FMJ_MAGNUM_DE
704	PID_5MM_JHP_DE
705	PID_5MM_AP_DE
706	PID_9JHP_DE
707	PID_9AP_DE
708	PID_9MM_BALL_DE
709	PID_9MM_AMMO_DE
710	PID_45_ACP_DE			
711	PID_45_CALIBER_AMMO_DE
712	PID_SHOTGUN_SHELLS_DE
713	PID_223_FMJ_DE
714	PID_14MM_AP_DE
715	PID_762X39_DE
716	PID_762x51_DE
717	PID_762X54_DE
718	PID_762X54G_DE
719	PID_40x46_DE
720	PID_700_NITRO_EXPRESS_DE
721	PID_HN_NEEDLER_CARTRIDGE_DE
722	PID_HN_AP_NEEDLER_CARTRIDGE_DE
723	PID_BBS_DE
724	PID_4_7MM_CASELESS_DE
725	PID_2MM_EC_AMMO_DE
726	PID_SMALL_ENERGY_CELL_DE
727	PID_MICRO_FUSION_CELL_DE
728	PID_RADAMMO_DE
729	PID_ENEAMMO_DE
730	PID_FLAMETHROWER_FUEL_DE
731	PID_FLAMETHROWER_FUEL_MK_II_DE
732	PID_NapalmAmmo_DE
733	PID_EXPLOSIVE_ROCKET_DE
734	PID_ROCKET_AP_DE
735	PID_RRAD
736	PID_RELE
737	PID_ROBO_ROCKET_AMMO_DE
738	PID_DARTS_DE
739	PID_HNADV_DE 
740	PID_NAILS_DE
741	PID_223_JHP_DE
742	PID_223_AP_DE
4052	PID_RED
4053	PID_BLUE
4054	PID_IRON_ORE
4055	PID_SMALL_CHUNK_OF_IRON_ORE
4056	PID_BIG_CHUNK_OF_IRON_ORE_CHUNK
4057	PID_GOOD_QUALITY_IRON_ORE_CHUNK
4058	PID_RARE_IRON_ORE
4059	PID_COMMON_MINERAL
4060	PID_MINERAL_SULFUR
4061	PID_HIGHT_QUALITY_MINERAL
4062	PID_COAL
4063	PID_SCRAP
4064	PID_NORAMAL_METAL_PARTS
4065	PID_OLD_METAL_PARTS
4066	PID_RUSTED_METAL_PARTS
4067	PID_GOOD_METAL_PARTS
4068	PID_HIGHT_QUALITY_METAL_PARTS
4069	PID_RARE_METAL_PARTS
4070	PID_COMMON_METAL_ALLOY
4071	PID_GOOD_METAL_ALLOY
4072	PID_PURIFIED_METAL_ALLOY
4073	PID_HIGHT_QUALITY_METAL_ALLOY
4074	PID_RARE_METAL_ALLOY
4075	PID_GOLD
4076	PID_URANIUM
4077	PID_REFINED_URANIUM
4078	PID_SCREWS
4079	PID_COMPENSATING_SPRING
4080	PID_BARREL
4081	PID_WOOD
4082	PID_GUNPOWDER_CLASS_I
4083	PID_GUNPOWDER_CLASS_II
4084	PID_GUNPOWDER_CLASS_III
4085	PID_SCOPE
4086	PID_SMALL_SCOPE
4087	PID_STRONG_SCOPE
4088	PID_PLASMA_DIFFUSER	
4089	PID_PACKAGE_OF_PARTS		
4090	PID_ELECTRONIC_PACKAGE		
4091	PID_C4				
4092	PID_METEORITE_FRAGMENT		
4093	PID_PAINT_IN_A_CAN
4094	PID_SCREWDRIVER_CROSS1		
4095	PID_SCREWDRIVER_FLAT1		
4096	PID_TOBACCO			
4097	PID_KEY_PACKAGE			
4098	PID_EZTENDED_KEY_PACK		
4099	PID_BRAHMIN_LEATHER		
4100	PID_GECKO_LEATHER		
4101	PID_GOLDEN_GECKO_SKIN		
4102	PID_FIRE_GECKO_LEATHER		
4103	PID_ELECTRIC_METER		
4104	PID_FUSE			
4105	PID_SUNGLASSES_I		
4106	PID_SUNGLASSES_II		
4107	PID_SUNGLASSES_III		
4108	PID_SUNGLASSES_IV		
4109	PID_SUNGLASSES_V		
4110	PID_ELECTRONIC_PARTS		
4111	PID_BIO_GEL			
4112	PID_ELECTRIC_MOTOR		
4113	PID_TRANSFORMER			
4114	PID_AMPLIFIER_OF_MOLECULES	
4115	PID_BLUE_CHIP			
4116	PID_GREEN_CHIP			
4117	PID_RED_CHIP			
4118	PID_YELLOW_CHIP			
4119	PID_BIO_GEL_II			
4120	PID_BIO_GEL_III			
4121	PID_YELLOWFLOWER		
4122	PID_WHITE_FLOWER
4123	PID_TUBE1	
4124	PID_TUBE2
4125	PID_TUBE3
4126	PID_RARE_MINERAL
4127	PID_DE_FRUIT_1
4128	PID_DE_FRUIT_2
4133	PID_FIBERS
4134	PID_PADLOCK4
4135	PID_PADLOCK5
4136	PID_PADLOCK6
4137	PID_SCREWDRIVER_CROSS2
4138	PID_SCREWDRIVER_FLAT2
4139	PID_SCREWDRIVER_FLAT3
4140 PID_CAR_ENERGY_CELL_CONTROLLER
4143 PID_COOKED_MEAT
4144 PID_BOOKJUNK
4199	PID_PRIMITIVETOOL
4200	PID_PICKAXE
4201	PID_BLACKSMITH_FURNANCE_I	
4202	PID_BLACKSMITH_FURNANCE_II	
4203	PID_BLACKSMITH_FURNANCE_III	
4204	PID_SMALL_BLACKSMITH_FURNANCE_	
4205	PID_COMPUTER_I			
4206	PID_COMPUTER_II			
4207	PID_COMPUTER_III		
4209	PID_DAMAGED_TERMINAL_I		
4210	PID_DAMAGED_TERMINAL_II		
4211	PID_DAMAGED_TERMINAL_III	
4212	PID_DAMAGED_TERMINAL_IV		
4213	PID_WORK_BENCH_I		
4214	PID_WORK_BENCH_II		
4215	PID_WORK_BENCH_III		
4216	PID_WORK_BENCH_IV		
4217	PID_WORK_BENCH_V		
4218	PID_WORK_BENCH_VI		
4219	PID_GAS_BOTTLES			
4220	PID_CAR_WRECK_I			
4221	PID_CAR_WRECK_II		
4222	PID_PRODUCTION_MACHINE_I	
4223	PID_PRODUCTION_MACHINE_II	
4224	PID_PRODUCTION_MACHINE_III	
4225	PID_PRODUCTION_MACHINE_IV	
4226	PID_PRODUCTION_MACHINE_V	
4227	PID_PRODUCTION_MACHINE_VI	
4228	PID_COAL_ORE_I			
4229	PID_COAL_ORE_II			
4230	PID_IRON_ORE_DEPOSITS_I		
4231	PID_IRON_ORE_DEPOSITS_II	
4232	PID_BIG_CHUNK_OF_IRON_ORE	
4233	PID_SULFUR_ORE_DEPOSITS_I	
4234	PID_SULFUR_ORE_DEPOSITS_II	
4235	PID_IRON_ORE_DEPOSITS_III	
4236	PID_IRON_ORE_DEPOSITS_IV	
4237	PID_MINERAL_DEPOSITS_I		
4238	PID_MINERAL_DEPOSITS_II		
4239	PID_BIG_MINERAL_DEPOSITS	
4240	PID_IRON_ORE_DEPOSITS_V		
4241	PID_IRON_ORE_DEPOSITS_VI	
4242	PID_BIG_IRON_DEPOSITS		
4243	PID_URANIUM_DEPOSITS_I		
4244	PID_URANIUM_DEPOSITS_II		
4245	PID_ROCK_I			
4246	PID_ROCK_II			
4247	PID_SMALL_DEPOSITS_I		
4248	PID_SMALL_DEPOSITS_II		
4249	PID_TREE_I			
4250	PID_TREE_II			
4251	PID_TRUNCATED_STUMP		
4252	PID_TREE_III			
4253	PID_TREE_IV	
4256	PID_TREE_V
4257	PID_TREE_VI
4300	PID_CA_1
4301	PID_CA_2
4302	PID_CA_3
4303	PID_CA_4
4304	PID_CA_5
4305	PID_CA_6
4306	PID_CA_7
4307	PID_CA_8
4308	PID_CA_9
4309	PID_CA_10
4310	PID_CA_11
4320	PID_CAMKII_1
4321	PID_CAMKII_2
4322	PID_CAMKII_3
4323	PID_CAMKII_4
4324	PID_CAMKII_5
4325	PID_CAMKII_6
4326	PID_CAMKII_7
4327	PID_CAMKII_8
4328	PID_CAMKII_9
4329	PID_CAMKII_10
4330	PID_CAMKII_11
4340	PID_THERMAL_CA
4341	PID_REACTIV_CA
4343	PID_NEC_CA
4344	PID_ULS_CA
4360	PID_PA
4361	PID_PAMKII
4362	PID_APA
4363	PID_MECHSUITG1
4364	PID_MECHSUITG2
4365	PID_MECHSUITB1
4366	PID_MECHSUITB2
7144	PID_FUELF
7145	PID_FUELE
7123	PID_BULLETPROOF1
7183	PID_BODYPART1
7184	PID_BODYPART2
7185	PID_BLOOD_MEET
7186	PID_BODYPART3
7338	PID_BULLETPROOF2
7494	PID_DEFIBRIL
7931	PID_PALM_I
7932	PID_PALM_II
7966	PID_CUTPALM
10410	PID_PLANT_SPIKE_DE
10479	PID_RAD_SPEAR
10480	PID_ENE_SPEAR
10481	PID_EXPLOSIVE_GIFT1
10482	PID_EXPLOSIVE_GIFT2
10504	PID_DEATHCLAW_CLAW_1_DE
10505	PID_DEATHCLAW_CLAW_2_DE
10506	PID_FIRE_GECKO_FLAME_WEAPON_DE
7218	PID_AUTO5_BAG
7559 PID_STONE3
7560 PID_STONE4
7561 PID_STONE5
7562 PID_STONE6
7563 PID_STONE7
7586  PID_LIGHTED_GHOUL
7600	PID_IB1A
7601	PID_IB1B
7602	PID_IB1C
7603	PID_IB2A
7604	PID_IB2B
7605	PID_IB2C
7606	PID_IB3A
7607	PID_IB3B
7608	PID_IB3C
7609	PID_IB4A
7610	PID_IB4B
7611	PID_IB4C
7612	PID_IB5A
7613	PID_IB5B
7614	PID_IB5C
7615	PID_IB6A
7616	PID_IB6B
7617	PID_IB6C
7618	PID_IB7A
7619	PID_IB7B
7620	PID_IB7C
7621	PID_IB8A
7622	PID_IB8B
7623	PID_IB8C
7624	PID_IG1A
7625	PID_IG1B
7626	PID_IG2A
7627	PID_IG2B
7628	PID_IG3A
7629	PID_IG3B
7630	PID_IG3C
7631	PID_IG4A
7632	PID_IG4B
7633	PID_IG5A
7634	PID_IG5B
7635	PID_IG6A
7636	PID_IG6B
7637	PID_IG6C
7638	PID_IG7A
7639	PID_IG7B
7640	PID_IR1 
7641	PID_IR2 
7642	PID_IR3 
7643	PID_IR4 
7644	PID_IR5 
7645	PID_IR6 
7646	PID_IR7 
7647	PID_IR8 
7648	PID_IR9 
7649	PID_IR10
7650	PID_IR11
7699	PID_BALACLAVA
7774  PID_WOODFIRE
7775  PID_FIREBARREL
7123	PID_BULETVEST
7338	PID_BULETVESTSWAT
7176	PID_BAGSMALL
7177	PID_BAGMEDIUM
7121	PID_BAGLARGE
7694	PID_BINOCLOW
7695	PID_BINOCMED
7696	PID_BINOCBETTERMED
7697	PID_BINOHIGH
7035	PID_GASMASK
7036	PID_COMBATHELMET
7105	PID_METALMASK
7106	PID_BASEBALLCAP
7934  PID_WOODFIRE_ACTIVE